src/components/google-one-tap.tsx(101,5): error TS2687: All declarations of 'google' must have identical modifiers.
src/components/google-one-tap.tsx(101,5): error TS2717: Subsequent property declarations must have the same type.  Property 'google' must be of type '{ accounts: { id: { initialize: (config: any) => void; prompt: (callback?: ((notification: any) => void) | undefined) => void; }; }; } | undefined', but here has type 'any'.
